City, Street, Item, DateTime, Price
Birstonas, Gireno 16, Pineapple, 2020-01-12T20:00:00Z, "5,00 €"
