[
  {
    "City": "Birstonas",
    "Street": "Gireno 16",
    "Item": "Pineapple",
    "DateTime": "2020-01-12T20:00:00Z",
    "Price": "€5"
  }
]