<?xml version="1.0" encoding="UTF-8" ?>
<root>
  <row>
    <Day>Sunday</Day>
    <Earned>€29</Earned>
  </row>
</root>