[
  {
    "Day": "Sunday",
    "Earned": "€29"
  }
]