City, Street, Item, DateTime, Price
Springfield, HoloPapap 2, Sausage, 2020-01-05T20:00:00Z, "8,00 €"
Springfield, HoloPapap 2, Apple, 2020-01-05T20:00:00Z, "3,00 €"
Springfield, HoloPapap 2, Bannana, 2020-01-05T22:00:00Z, "10,00 €"
Springfield, HoloPapap 2, Bannana, 2020-01-05T22:00:00Z, "15,50 €"
