[
  {
    "City": "Springfield",
    "Street": "HoloPapap 2",
    "Item": "Sausage",
    "DateTime": "2020-01-05T20:00:00Z",
    "Price": "€8"
  },
  {
    "City": "Springfield",
    "Street": "HoloPapap 2",
    "Item": "Bannana",
    "DateTime": "2020-01-05T22:00:00Z",
    "Price": "€10"
  },
  {
    "Shop": "Kwiki Mart",
    "City": "Springfield",
    "Street": "HoloPapap 2",
    "Item": "Bannana",
    "DateTime": "2020-01-05T22:00:00Z",
    "Price": "€15"
  }
]
