[
  {
    "Hour": 20,
    "Count": 3,
    "Earned": "€8"
  },
  {
    "Hour": 21,
    "Count": 0,
    "Earned": "€0"
  },
  {
    "Hour": 22,
    "Count": 2,
    "Earned": "€25"
  },
  {
    "Hour": 23,
    "Count": 2,
    "Earned": "€10.5"
  },
  {
    "Hour": "Rush hour: 22",
    "Count": "",
    "Earned": ""
  }
]
