Hour, Count, Earned
20, 4, "9,00 €"
21, 0, "0,00 €"
22, 2, "25,50 €"
23, 2, "10,50 €"
Rush hour: 22
