City, Street, Item, DateTime, Price
London, ANC 54, Sausage, 2020-01-07T23:00:00Z, "9,00 €"
London, ANC 54, Bannana, 2020-01-08T23:00:00Z, "12,00 €"
London, ANC 54, Toy Car, 2020-01-06T20:00:00Z, "11,00 €"
