[
  {
    "City": "London",
    "Street": "ANC 54",
    "Item": "Sausage",
    "DateTime": "2020-01-07T23:00:00Z",
    "Price": "€9"
  },
  {
    "City": "Lonon",
    "Street": "ANC 54",
    "Item": "Bannana",
    "DateTime": "2020-01-08T23:00:00Z",
    "Price": "€12"
  },
  {
    "City": "London",
    "Street": "ANC 54",
    "Item": "Toy Car",
    "DateTime": "2020-01-06T20:00:00Z",
    "Price": "€11"
  }
]